I'm sorry, but errors were detected in your script. Please correct the
errors listed below, and try again.


File "game/script.rpy", line 74: is not terminated with a newline. (Check strings and parenthesis.)
(Perhaps you left out a " at the end of the first line.)
        i "I won’t be a bother!

Ren'Py Version: Ren'Py 7.3.5.606
Wed Oct 14 23:33:31 2020
